STEP translation to Solid Edge
Date: vrijdag,mei 15,2026 11:04
Source File: C:\Users\vdkka\OneDrive\Documenten\Master\semester 2\GIP\Silicone_dispenser\CAD\Electronics\Lead Shine DM556.STEP
Author: Unknown
Organization: Unknown
Source System: SolidWorks 2014

Hardware:
Processor: Intel(R) Core(TM) Ultra 9 285H
Operating System: Windows 11 Version:25H2 Build:26200 System Type:64-bit
Installed Memory: 31.37 GB

Software Information
Parasolid Version: 37.0.118
PSBodyShop Version: 37.0.94
Step Adapter Version: 15.0.142
Solid Edge Version: 225.00.00.114 x64

Step Import Options
Import Faceted Bodies: On
Import Check Bodies: Off
Import Curves: On
Import DoNotSave: On
Import Multiple Bodies As Single Part File: On
Import Optimize:Off
Import Stitch Surfaces: On
Import Boolean Solids: On
Make Base Feature: On
Simplify Geometry: On
Import Imprint Curves: On
Import Drive: C:
Import Stitch Surfaces: On
Import Surfaces: On
Import Output Path: C:\Users\vdkka\OneDrive\Documenten\Master\semester 2\GIP\Silicone_dispenser\CAD\Electronics
Import Enable Default Output Path: On
Import PMI: Off
Import As Internal Components: Off
Import Path: 

Translating to Parasolid data types...
Translation process completed
Total time required to translate and post process:00 : 00 : 01
